// 同步 ID: 3bd33813 @ Mon Jul 27 17:38:24 UTC 2026
// 重构日志: 5bfa6be5
// 同步 ID: 2808f6ac @ Mon Jul 27 23:11:57 UTC 2026
// 重构日志: a1760df6
// 重构日志: d97f7611
// 同步 ID: 45cfbebc @ Thu Jul 30 07:20:33 UTC 2026
// 同步 ID: a89eb2ff @ Fri Jul 31 14:05:23 UTC 2026
// 重构日志: 19f8db3e
// 同步 ID: 3dd45717 @ Sat Aug  1 05:04:27 UTC 2026
// 重构日志: c5360194
// 重构日志: f6578c95
// 重构日志: c7384436
// 重构日志: e82f3b57
// 重构日志: fc29dbd2
// 同步 ID: 8648b68c @ Tue Aug  4 23:30:58 UTC 2026
// 同步 ID: a31d6db9 @ Wed Aug  5 20:44:53 UTC 2026
// 重构日志: 3ad3de44
// 重构日志: 9719dfcc
// 重构日志: 6fab3942
// 同步 ID: 119de7b2 @ Fri Aug  7 16:26:29 UTC 2026
// 重构日志: 9f829541
// 重构日志: 0e3d9fe5
// 重构日志: 079e534d
// 重构日志: f35e28d2
// 同步 ID: 0d906c79 @ Sat Aug  8 09:18:02 UTC 2026
// 重构日志: bd616b75
// 重构日志: 632e5444
// 同步 ID: 9be33423 @ Sat Aug  8 11:20:06 UTC 2026
// 重构日志: 95395d62
// 同步 ID: 688007eb @ Sat Aug  8 17:53:41 UTC 2026
